== setup 02:25:19
create: exit=0 ok=True project=p_7b97766d348c shape=['happy_path'] predicted=['happy_path'] records=['Task', 'Note'] readsIgnored=[] agents=[('io2-create-correct', True), ('io2-create-extra-note-edit', True)]
update: exit=0 ok=True project=p_76ab92de540b shape=['happy_path', 'malformed_input', 'missing_precondition'] (not a single happy_path; recorded as a fact) predicted=['happy_path', 'malformed_input', 'missing_precondition'] records=['Task', 'Note'] readsIgnored=[] agents=[('io2-update-correct', True), ('io2-update-extra-note-create', True)]
replace: exit=0 ok=True project=p_833acb9aa1b1 shape=['happy_path'] predicted=None records=['Task', 'Note'] readsIgnored=[] agents=[('io2-replace-correct', True), ('io2-replace-extra-note-edit', True)]
selfread: exit=0 ok=True project=p_e34ed1309739 shape=['happy_path'] predicted=['happy_path'] records=['Task', 'Note'] readsIgnored=[] agents=[('io2-create-correct', True), ('io2-create-extra-note-edit', True)]
mixed: exit=0 ok=True project=p_a71bd5e70be5 shape=['happy_path'] predicted=['happy_path'] records=['Task', 'Note'] readsIgnored=['list_tasks'] agents=[('io2-readback', True)]
setup exit 0
== run 02:25:22
IO2-1 attempt 1: oracle=PASS (whole run PASS) rigorrun=PASS label=INDEPENDENT exit=0 case=case_live__happy_path of 1 verifierReads=10 connectorReadsBeyondAgent=0 matches=True guard=ok diagnostic=True (0.56s)
IO2-1 attempt 2: oracle=PASS (whole run PASS) rigorrun=PASS label=INDEPENDENT exit=0 case=case_live__happy_path of 1 verifierReads=10 connectorReadsBeyondAgent=0 matches=True guard=ok diagnostic=True (0.57s)
IO2-1 attempt 3: oracle=PASS (whole run PASS) rigorrun=PASS label=INDEPENDENT exit=0 case=case_live__happy_path of 1 verifierReads=10 connectorReadsBeyondAgent=0 matches=True guard=ok diagnostic=True (0.58s)
IO2-2 attempt 1: oracle=FAIL (whole run FAIL) rigorrun=FAIL label=INDEPENDENT exit=1 case=case_live__happy_path of 1 verifierReads=10 connectorReadsBeyondAgent=0 matches=True guard=ok diagnostic=True (0.59s)
IO2-2 attempt 2: oracle=FAIL (whole run FAIL) rigorrun=FAIL label=INDEPENDENT exit=1 case=case_live__happy_path of 1 verifierReads=10 connectorReadsBeyondAgent=0 matches=True guard=ok diagnostic=True (0.59s)
IO2-2 attempt 3: oracle=FAIL (whole run FAIL) rigorrun=FAIL label=INDEPENDENT exit=1 case=case_live__happy_path of 1 verifierReads=10 connectorReadsBeyondAgent=0 matches=True guard=ok diagnostic=True (0.57s)
IO2-3 attempt 1: oracle=PASS (whole run PASS) rigorrun=PASS label=INDEPENDENT exit=0 case=case_live__happy_path of 3 verifierReads=26 connectorReadsBeyondAgent=0 matches=True guard=ok diagnostic=True (0.76s)
IO2-3 attempt 2: oracle=PASS (whole run PASS) rigorrun=PASS label=INDEPENDENT exit=0 case=case_live__happy_path of 3 verifierReads=26 connectorReadsBeyondAgent=0 matches=True guard=ok diagnostic=True (0.76s)
IO2-3 attempt 3: oracle=PASS (whole run PASS) rigorrun=PASS label=INDEPENDENT exit=0 case=case_live__happy_path of 3 verifierReads=26 connectorReadsBeyondAgent=0 matches=True guard=ok diagnostic=True (0.77s)
IO2-4 attempt 1: oracle=FAIL (whole run FAIL) rigorrun=FAIL label=INDEPENDENT exit=1 case=case_live__happy_path of 3 verifierReads=26 connectorReadsBeyondAgent=0 matches=True guard=ok diagnostic=True (0.76s)
IO2-4 attempt 2: oracle=FAIL (whole run FAIL) rigorrun=FAIL label=INDEPENDENT exit=1 case=case_live__happy_path of 3 verifierReads=26 connectorReadsBeyondAgent=0 matches=True guard=ok diagnostic=True (0.77s)
IO2-4 attempt 3: oracle=FAIL (whole run FAIL) rigorrun=FAIL label=INDEPENDENT exit=1 case=case_live__happy_path of 3 verifierReads=26 connectorReadsBeyondAgent=0 matches=True guard=ok diagnostic=True (0.77s)
IO2-5 attempt 1: oracle=PASS (whole run PASS) rigorrun=PASS label=INDEPENDENT exit=0 case=case_live__happy_path of 1 verifierReads=10 connectorReadsBeyondAgent=0 matches=True guard=ok diagnostic=True (0.59s)
IO2-5 attempt 2: oracle=PASS (whole run PASS) rigorrun=PASS label=INDEPENDENT exit=0 case=case_live__happy_path of 1 verifierReads=10 connectorReadsBeyondAgent=0 matches=True guard=ok diagnostic=True (0.58s)
IO2-5 attempt 3: oracle=PASS (whole run PASS) rigorrun=PASS label=INDEPENDENT exit=0 case=case_live__happy_path of 1 verifierReads=10 connectorReadsBeyondAgent=0 matches=True guard=ok diagnostic=True (0.6s)
IO2-6 attempt 1: oracle=FAIL (whole run FAIL) rigorrun=FAIL label=INDEPENDENT exit=1 case=case_live__happy_path of 1 verifierReads=10 connectorReadsBeyondAgent=0 matches=True guard=ok diagnostic=True (0.59s)
IO2-6 attempt 2: oracle=FAIL (whole run FAIL) rigorrun=FAIL label=INDEPENDENT exit=1 case=case_live__happy_path of 1 verifierReads=10 connectorReadsBeyondAgent=0 matches=True guard=ok diagnostic=True (0.59s)
IO2-6 attempt 3: oracle=FAIL (whole run FAIL) rigorrun=FAIL label=INDEPENDENT exit=1 case=case_live__happy_path of 1 verifierReads=10 connectorReadsBeyondAgent=0 matches=True guard=ok diagnostic=True (0.58s)
IO2-7 attempt 1: oracle=PASS (whole run PASS) rigorrun=PASS label=SELF_REPORTED exit=0 case=case_live__happy_path of 1 verifierReads=0 connectorReadsBeyondAgent=10 matches=True guard=ok diagnostic=False (0.54s)
IO2-7 attempt 2: oracle=PASS (whole run PASS) rigorrun=PASS label=SELF_REPORTED exit=0 case=case_live__happy_path of 1 verifierReads=0 connectorReadsBeyondAgent=10 matches=True guard=ok diagnostic=False (0.53s)
IO2-7 attempt 3: oracle=PASS (whole run PASS) rigorrun=PASS label=SELF_REPORTED exit=0 case=case_live__happy_path of 1 verifierReads=0 connectorReadsBeyondAgent=10 matches=True guard=ok diagnostic=False (0.55s)
IO2-8 attempt 1: oracle=FAIL (whole run FAIL) rigorrun=FAIL label=SELF_REPORTED exit=1 case=case_live__happy_path of 1 verifierReads=0 connectorReadsBeyondAgent=10 matches=True guard=ok diagnostic=False (0.57s)
IO2-8 attempt 2: oracle=FAIL (whole run FAIL) rigorrun=FAIL label=SELF_REPORTED exit=1 case=case_live__happy_path of 1 verifierReads=0 connectorReadsBeyondAgent=10 matches=True guard=ok diagnostic=False (0.53s)
IO2-8 attempt 3: oracle=FAIL (whole run FAIL) rigorrun=FAIL label=SELF_REPORTED exit=1 case=case_live__happy_path of 1 verifierReads=0 connectorReadsBeyondAgent=10 matches=True guard=ok diagnostic=False (0.56s)
IO2-9 attempt 1: oracle=FAIL (whole run FAIL) rigorrun=FAIL label=SELF_REPORTED exit=1 case=case_live__happy_path of 1 verifierReads=10 connectorReadsBeyondAgent=0 matches=True guard=ok diagnostic=True (0.57s)
IO2-9 attempt 2: oracle=FAIL (whole run FAIL) rigorrun=FAIL label=SELF_REPORTED exit=1 case=case_live__happy_path of 1 verifierReads=10 connectorReadsBeyondAgent=0 matches=True guard=ok diagnostic=True (0.55s)
IO2-9 attempt 3: oracle=FAIL (whole run FAIL) rigorrun=FAIL label=SELF_REPORTED exit=1 case=case_live__happy_path of 1 verifierReads=10 connectorReadsBeyondAgent=0 matches=True guard=ok diagnostic=True (0.57s)
run exit 0
== aggregate 02:25:41
{
  "cases": 9,
  "attemptsRun": 27,
  "independentOracleGate": {
    "cases": [
      "IO2-1",
      "IO2-2",
      "IO2-3",
      "IO2-4",
      "IO2-5",
      "IO2-6",
      "IO2-7",
      "IO2-8",
      "IO2-9"
    ],
    "failing": [],
    "guardViolations": []
  },
  "abstentionGate": {
    "cases": [],
    "failing": []
  },
  "otherGates": {},
  "unresolvedBeforeRun": [],
  "casesNotRun": [],
  "setups": {
    "create": {
      "exit": 0,
      "ok": true,
      "suiteShape": [
        "happy_path"
      ],
      "predictedSuiteShape": [
        "happy_path"
      ],
      "suiteShapeAsPredicted": true,
      "singleHappyPath": true,
      "frameModes": {
        "case_live__happy_path": [
          "performed"
        ]
      },
      "errorTail": []
    },
    "update": {
      "exit": 0,
      "ok": true,
      "suiteShape": [
        "happy_path",
        "malformed_input",
        "missing_precondition"
      ],
      "predictedSuiteShape": [
        "happy_path",
        "malformed_input",
        "missing_precondition"
      ],
      "suiteShapeAsPredicted": true,
      "singleHappyPath": false,
      "frameModes": {
        "case_live__happy_path": [
          "performed"
        ],
        "case_live__malformed__id": [
          "declined"
        ],
        "case_live__unknown_id__id": [
          "declined"
        ]
      },
      "errorTail": []
    },
    "replace": {
      "exit": 0,
      "ok": true,
      "suiteShape": [
        "happy_path"
      ],
      "predictedSuiteShape": null,
      "suiteShapeAsPredicted": false,
      "singleHappyPath": true,
      "frameModes": {
        "case_live__happy_path": [
          "performed"
        ]
      },
      "errorTail": []
    },
    "selfread": {
      "exit": 0,
      "ok": true,
      "suiteShape": [
        "happy_path"
      ],
      "predictedSuiteShape": [
        "happy_path"
      ],
      "suiteShapeAsPredicted": true,
      "singleHappyPath": true,
      "frameModes": {
        "case_live__happy_path": [
          "performed"
        ]
      },
      "errorTail": []
    },
    "mixed": {
      "exit": 0,
      "ok": true,
      "suiteShape": [
        "happy_path"
      ],
      "predictedSuiteShape": [
        "happy_path"
      ],
      "suiteShapeAsPredicted": true,
      "singleHappyPath": true,
      "frameModes": {
        "case_live__happy_path": [
          "performed"
        ]
      },
      "errorTail": []
    }
  },
  "perCase": {
    "IO2-1": {
      "outcomes": [
        "PASS"
      ],
      "labels": [
        "INDEPENDENT"
      ],
      "oracle": [
        "PASS"
      ],
      "attempts": 3,
      "allAttemptsMatch": true,
      "diagnostic": [
        "True"
      ]
    },
    "IO2-2": {
      "outcomes": [
        "FAIL"
      ],
      "labels": [
        "INDEPENDENT"
      ],
      "oracle": [
        "FAIL"
      ],
      "attempts": 3,
      "allAttemptsMatch": true,
      "diagnostic": [
        "True"
      ]
    },
    "IO2-3": {
      "outcomes": [
        "PASS"
      ],
      "labels": [
        "INDEPENDENT"
      ],
      "oracle": [
        "PASS"
      ],
      "attempts": 3,
      "allAttemptsMatch": true,
      "diagnostic": [
        "True"
      ]
    },
    "IO2-4": {
      "outcomes": [
        "FAIL"
      ],
      "labels": [
        "INDEPENDENT"
      ],
      "oracle": [
        "FAIL"
      ],
      "attempts": 3,
      "allAttemptsMatch": true,
      "diagnostic": [
        "True"
      ]
    },
    "IO2-5": {
      "outcomes": [
        "PASS"
      ],
      "labels": [
        "INDEPENDENT"
      ],
      "oracle": [
        "PASS"
      ],
      "attempts": 3,
      "allAttemptsMatch": true,
      "diagnostic": [
        "True"
      ]
    },
    "IO2-6": {
      "outcomes": [
        "FAIL"
      ],
      "labels": [
        "INDEPENDENT"
      ],
      "oracle": [
        "FAIL"
      ],
      "attempts": 3,
      "allAttemptsMatch": true,
      "diagnostic": [
        "True"
      ]
    },
    "IO2-7": {
      "outcomes": [
        "PASS"
      ],
      "labels": [
        "SELF_REPORTED"
      ],
      "oracle": [
        "PASS"
      ],
      "attempts": 3,
      "allAttemptsMatch": true,
      "diagnostic": [
        "False"
      ]
    },
    "IO2-8": {
      "outcomes": [
        "FAIL"
      ],
      "labels": [
        "SELF_REPORTED"
      ],
      "oracle": [
        "FAIL"
      ],
      "attempts": 3,
      "allAttemptsMatch": true,
      "diagnostic": [
        "False"
      ]
    },
    "IO2-9": {
      "outcomes": [
        "FAIL"
      ],
      "labels": [
        "SELF_REPORTED"
      ],
      "oracle": [
        "FAIL"
      ],
      "attempts": 3,
      "allAttemptsMatch": true,
      "diagnostic": [
        "True"
      ]
    }
  }
}
aggregate exit 0
