EM-MH-01-send-one attempt 1: direct probe oracle=PASS (1.18s)
EM-MH-01-send-one attempt 2: direct probe oracle=PASS (1.18s)
EM-MH-01-send-one attempt 3: direct probe oracle=PASS (1.15s)
EM-MH-02-check-inbox-crashes attempt 1: direct probe oracle=FAIL (1.2s)
EM-MH-02-check-inbox-crashes attempt 2: direct probe oracle=FAIL (1.22s)
EM-MH-02-check-inbox-crashes attempt 3: direct probe oracle=FAIL (1.19s)
EM-MH-03-search-emails-crashes attempt 1: direct probe oracle=FAIL (1.2s)
EM-MH-03-search-emails-crashes attempt 2: direct probe oracle=FAIL (1.21s)
EM-MH-03-search-emails-crashes attempt 3: direct probe oracle=FAIL (1.24s)
EM-MH-04-auto-rule-modules-missing attempt 1: direct probe oracle=FAIL (1.35s)
EM-MH-04-auto-rule-modules-missing attempt 2: direct probe oracle=FAIL (1.37s)
EM-MH-04-auto-rule-modules-missing attempt 3: direct probe oracle=FAIL (1.38s)
EM-MH-05-to-as-list-and-comma attempt 1: direct probe oracle=PASS (1.16s)
EM-MH-05-to-as-list-and-comma attempt 2: direct probe oracle=PASS (1.15s)
EM-MH-05-to-as-list-and-comma attempt 3: direct probe oracle=PASS (1.16s)
EM-MH-06-empty-recipient attempt 1: direct probe oracle=PASS (1.19s)
EM-MH-06-empty-recipient attempt 2: direct probe oracle=PASS (1.15s)
EM-MH-06-empty-recipient attempt 3: direct probe oracle=PASS (1.15s)
EM-MH-07-unknown-service attempt 1: direct probe oracle=PASS (1.15s)
EM-MH-07-unknown-service attempt 2: direct probe oracle=PASS (1.16s)
EM-MH-07-unknown-service attempt 3: direct probe oracle=PASS (1.16s)
EM-MH-08-service-not-persisted-across-restart attempt 1: direct probe oracle=PASS (2.32s)
EM-MH-08-service-not-persisted-across-restart attempt 2: direct probe oracle=PASS (2.39s)
EM-MH-08-service-not-persisted-across-restart attempt 3: direct probe oracle=PASS (2.32s)
WT-D-01-tasks-get-doubled-prefix attempt 1: direct probe oracle=FAIL (0.37s)
WT-D-01-tasks-get-doubled-prefix attempt 2: direct probe oracle=FAIL (0.33s)
WT-D-01-tasks-get-doubled-prefix attempt 3: direct probe oracle=FAIL (0.29s)
WT-D-02-tasks-update-doubled-prefix attempt 1: direct probe oracle=FAIL (0.3s)
WT-D-02-tasks-update-doubled-prefix attempt 2: direct probe oracle=FAIL (0.32s)
WT-D-02-tasks-update-doubled-prefix attempt 3: direct probe oracle=FAIL (0.31s)
WT-D-03-tasks-complete-doubled-prefix attempt 1: direct probe oracle=FAIL (0.4s)
WT-D-03-tasks-complete-doubled-prefix attempt 2: direct probe oracle=FAIL (0.37s)
WT-D-03-tasks-complete-doubled-prefix attempt 3: direct probe oracle=FAIL (0.38s)
WT-D-04-projects-get-archive-doubled-prefix attempt 1: direct probe oracle=FAIL (0.44s)
WT-D-04-projects-get-archive-doubled-prefix attempt 2: direct probe oracle=FAIL (0.46s)
WT-D-04-projects-get-archive-doubled-prefix attempt 3: direct probe oracle=FAIL (0.47s)
WT-D-05-tasks-create-500 attempt 1: direct probe oracle=FAIL (0.65s)
WT-D-05-tasks-create-500 attempt 2: direct probe oracle=FAIL (0.52s)
WT-D-05-tasks-create-500 attempt 3: direct probe oracle=FAIL (0.43s)
WT-D-06-add-dependency-500 attempt 1: direct probe oracle=FAIL (0.46s)
WT-D-06-add-dependency-500 attempt 2: direct probe oracle=FAIL (0.43s)
WT-D-06-add-dependency-500 attempt 3: direct probe oracle=FAIL (0.43s)
WT-D-07-time-log-500 attempt 1: direct probe oracle=FAIL (0.35s)
WT-D-07-time-log-500 attempt 2: direct probe oracle=FAIL (0.29s)
WT-D-07-time-log-500 attempt 3: direct probe oracle=FAIL (0.29s)
WT-D-08-projects-create-500 attempt 1: direct probe oracle=FAIL (0.52s)
WT-D-08-projects-create-500 attempt 2: direct probe oracle=FAIL (0.42s)
WT-D-08-projects-create-500 attempt 3: direct probe oracle=FAIL (0.36s)
WT-D-09-timer-start-stop attempt 1: direct probe oracle=PASS (0.44s)
WT-D-09-timer-start-stop attempt 2: direct probe oracle=PASS (0.31s)
WT-D-09-timer-start-stop attempt 3: direct probe oracle=PASS (0.3s)
WT-D-10-double-start-closes-first attempt 1: direct probe oracle=PASS (0.37s)
WT-D-10-double-start-closes-first attempt 2: direct probe oracle=PASS (0.37s)
WT-D-10-double-start-closes-first attempt 3: direct probe oracle=PASS (0.39s)
WT-D-11-stop-with-nothing-running attempt 1: direct probe oracle=PASS (0.3s)
WT-D-11-stop-with-nothing-running attempt 2: direct probe oracle=PASS (0.26s)
WT-D-11-stop-with-nothing-running attempt 3: direct probe oracle=PASS (0.32s)
WT-D-12-key-too-long-rejected attempt 1: direct probe oracle=PASS (0.19s)
WT-D-12-key-too-long-rejected attempt 2: direct probe oracle=PASS (0.22s)
WT-D-12-key-too-long-rejected attempt 3: direct probe oracle=PASS (0.2s)
WT-D-13-nonexistent-task attempt 1: direct probe oracle=PASS (0.3s)
WT-D-13-nonexistent-task attempt 2: direct probe oracle=PASS (0.28s)
WT-D-13-nonexistent-task attempt 3: direct probe oracle=PASS (0.28s)
SQ-D-01-readonly-denies-insert attempt 1: direct probe oracle=PASS (0.1s)
SQ-D-01-readonly-denies-insert attempt 2: direct probe oracle=PASS (0.04s)
SQ-D-01-readonly-denies-insert attempt 3: direct probe oracle=PASS (0.04s)
SQ-D-02-backup-under-deny-everything attempt 1: direct probe oracle=FAIL (0.1s)
SQ-D-02-backup-under-deny-everything attempt 2: direct probe oracle=FAIL (0.06s)
SQ-D-02-backup-under-deny-everything attempt 3: direct probe oracle=FAIL (0.09s)
SQ-D-03-rows-changed-leak attempt 1: direct probe oracle=FAIL (0.09s)
SQ-D-03-rows-changed-leak attempt 2: direct probe oracle=FAIL (0.05s)
SQ-D-03-rows-changed-leak attempt 3: direct probe oracle=FAIL (0.09s)
SQ-D-04-transaction-across-calls attempt 1: direct probe oracle=PASS (0.04s)
SQ-D-04-transaction-across-calls attempt 2: direct probe oracle=PASS (0.05s)
SQ-D-04-transaction-across-calls attempt 3: direct probe oracle=PASS (0.04s)
SQ-D-05-column-deny-blocks-aggregate attempt 1: direct probe oracle=PASS (0.04s)
SQ-D-05-column-deny-blocks-aggregate attempt 2: direct probe oracle=PASS (0.04s)
SQ-D-05-column-deny-blocks-aggregate attempt 3: direct probe oracle=PASS (0.04s)
SQ-D-06-timeout-interrupts attempt 1: direct probe oracle=PASS (0.24s)
SQ-D-06-timeout-interrupts attempt 2: direct probe oracle=PASS (0.24s)
SQ-D-06-timeout-interrupts attempt 3: direct probe oracle=PASS (0.24s)
SQ-D-07-multi-statement-rejected attempt 1: direct probe oracle=PASS (0.04s)
SQ-D-07-multi-statement-rejected attempt 2: direct probe oracle=PASS (0.04s)
SQ-D-07-multi-statement-rejected attempt 3: direct probe oracle=PASS (0.04s)
SQ-D-08-readonly-creates-missing-file attempt 1: direct probe oracle=FAIL (0.04s)
SQ-D-08-readonly-creates-missing-file attempt 2: direct probe oracle=FAIL (0.04s)
SQ-D-08-readonly-creates-missing-file attempt 3: direct probe oracle=FAIL (0.04s)
SQ-D-09-retry-direct attempt 1: direct probe oracle=FAIL (5.12s)
SQ-D-09-retry-direct attempt 2: direct probe oracle=FAIL (5.1s)
SQ-D-09-retry-direct attempt 3: direct probe oracle=FAIL (5.1s)
SQ-D-10-backup-under-column-deny attempt 1: direct probe oracle=FAIL (0.05s)
SQ-D-10-backup-under-column-deny attempt 2: direct probe oracle=FAIL (0.05s)
SQ-D-10-backup-under-column-deny attempt 3: direct probe oracle=FAIL (0.06s)
