IO-1 attempt 1: oracle=PASS rigorrun=PASS label=INDEPENDENT exit=0 verifierReads=3 matches=True guard=ok (0.64s)
IO-1 attempt 2: oracle=PASS rigorrun=PASS label=INDEPENDENT exit=0 verifierReads=3 matches=True guard=ok (0.75s)
IO-1 attempt 3: oracle=PASS rigorrun=PASS label=INDEPENDENT exit=0 verifierReads=3 matches=True guard=ok (0.73s)
IO-2 attempt 1: oracle=FAIL rigorrun=FAIL label=INDEPENDENT exit=1 verifierReads=3 matches=True guard=ok (0.75s)
IO-2 attempt 2: oracle=FAIL rigorrun=FAIL label=INDEPENDENT exit=1 verifierReads=3 matches=True guard=ok (0.73s)
IO-2 attempt 3: oracle=FAIL rigorrun=FAIL label=INDEPENDENT exit=1 verifierReads=3 matches=True guard=ok (0.64s)
IO-3 attempt 1: oracle=FAIL rigorrun=FAIL label=INDEPENDENT exit=1 verifierReads=3 matches=True guard=ok (0.73s)
IO-3 attempt 2: oracle=FAIL rigorrun=FAIL label=INDEPENDENT exit=1 verifierReads=3 matches=True guard=ok (0.72s)
IO-3 attempt 3: oracle=FAIL rigorrun=FAIL label=INDEPENDENT exit=1 verifierReads=3 matches=True guard=ok (0.65s)
IO-4 attempt 1: oracle=FAIL rigorrun=FAIL label=INDEPENDENT exit=1 verifierReads=3 matches=True guard=ok (0.67s)
IO-4 attempt 2: oracle=FAIL rigorrun=FAIL label=INDEPENDENT exit=1 verifierReads=3 matches=True guard=ok (0.73s)
IO-4 attempt 3: oracle=FAIL rigorrun=FAIL label=INDEPENDENT exit=1 verifierReads=3 matches=True guard=ok (0.62s)
IO-5 attempt 1: oracle=FAIL rigorrun=PASS label=INDEPENDENT exit=0 verifierReads=3 matches=False guard=ok (0.66s)
IO-5 attempt 2: oracle=FAIL rigorrun=PASS label=INDEPENDENT exit=0 verifierReads=3 matches=False guard=ok (0.78s)
IO-5 attempt 3: oracle=FAIL rigorrun=PASS label=INDEPENDENT exit=0 verifierReads=3 matches=False guard=ok (0.73s)
IO-6a attempt 1: oracle=PASS rigorrun=ABSTAIN label=INDEPENDENT exit=1 verifierReads=2 matches=True guard=ok (0.68s)
IO-6a attempt 2: oracle=PASS rigorrun=ABSTAIN label=INDEPENDENT exit=1 verifierReads=2 matches=True guard=ok (0.61s)
IO-6a attempt 3: oracle=PASS rigorrun=ABSTAIN label=INDEPENDENT exit=1 verifierReads=2 matches=True guard=ok (0.63s)
IO-6b attempt 1: oracle=FAIL rigorrun=None label=None exit=2 verifierReads=0 matches=True guard=ok (0.51s)
IO-6b attempt 2: oracle=FAIL rigorrun=None label=None exit=2 verifierReads=0 matches=True guard=ok (0.48s)
IO-6b attempt 3: oracle=FAIL rigorrun=None label=None exit=2 verifierReads=0 matches=True guard=ok (0.52s)
IO-7 attempt 1: oracle=FAIL rigorrun=FAIL label=INDEPENDENT exit=1 verifierReads=3 matches=True guard=ok (0.63s)
IO-7 attempt 2: oracle=FAIL rigorrun=FAIL label=INDEPENDENT exit=1 verifierReads=3 matches=True guard=ok (0.62s)
IO-7 attempt 3: oracle=FAIL rigorrun=FAIL label=INDEPENDENT exit=1 verifierReads=3 matches=True guard=ok (0.63s)
IO-7-mixed-a attempt 1: oracle=FAIL rigorrun=PASS label=SELF_REPORTED exit=0 verifierReads=3 matches=False guard=ok (0.65s)
IO-7-mixed-a attempt 2: oracle=FAIL rigorrun=PASS label=SELF_REPORTED exit=0 verifierReads=3 matches=False guard=ok (0.64s)
IO-7-mixed-a attempt 3: oracle=FAIL rigorrun=PASS label=SELF_REPORTED exit=0 verifierReads=3 matches=False guard=ok (0.65s)
IO-7-mixed-b attempt 1: oracle=FAIL rigorrun=FAIL label=SELF_REPORTED exit=1 verifierReads=3 matches=True guard=ok (0.67s)
IO-7-mixed-b attempt 2: oracle=FAIL rigorrun=FAIL label=SELF_REPORTED exit=1 verifierReads=3 matches=True guard=ok (0.67s)
IO-7-mixed-b attempt 3: oracle=FAIL rigorrun=FAIL label=SELF_REPORTED exit=1 verifierReads=3 matches=True guard=ok (0.64s)
IO-6c attempt 1: oracle=PASS rigorrun=FAIL label=INDEPENDENT exit=1 verifierReads=3 matches=True guard=ok (0.6s)
IO-6c attempt 2: oracle=PASS rigorrun=FAIL label=INDEPENDENT exit=1 verifierReads=3 matches=True guard=ok (0.64s)
IO-6c attempt 3: oracle=PASS rigorrun=FAIL label=INDEPENDENT exit=1 verifierReads=3 matches=True guard=ok (0.64s)
IO-7-self attempt 1: oracle=FAIL rigorrun=PASS label=SELF_REPORTED exit=0 verifierReads=0 matches=None guard=ok (0.6s)
IO-7-self attempt 2: oracle=FAIL rigorrun=PASS label=SELF_REPORTED exit=0 verifierReads=0 matches=None guard=ok (0.62s)
IO-7-self attempt 3: oracle=FAIL rigorrun=PASS label=SELF_REPORTED exit=0 verifierReads=0 matches=None guard=ok (0.6s)
exit 0
