2026-09-14T17:45:44Z batch mh (8 cases); available MiB 7220; swap free MiB 12956
EM-MH-01-send-one attempt 1: oracle=PASS rigorrun=NOT_RUN outcome=NOT_RUN class=NOT_SCORED / NOT_SCORED (1.44s)
EM-MH-01-send-one attempt 2: oracle=PASS rigorrun=NOT_RUN outcome=NOT_RUN class=NOT_SCORED / NOT_SCORED (1.42s)
EM-MH-01-send-one attempt 3: oracle=PASS rigorrun=NOT_RUN outcome=NOT_RUN class=NOT_SCORED / NOT_SCORED (1.43s)
EM-MH-02-check-inbox-crashes attempt 1: oracle=FAIL rigorrun=NOT_RUN outcome=NOT_RUN class=NOT_SCORED / NOT_SCORED (1.44s)
EM-MH-02-check-inbox-crashes attempt 2: oracle=FAIL rigorrun=NOT_RUN outcome=NOT_RUN class=NOT_SCORED / NOT_SCORED (1.44s)
EM-MH-02-check-inbox-crashes attempt 3: oracle=FAIL rigorrun=NOT_RUN outcome=NOT_RUN class=NOT_SCORED / NOT_SCORED (1.53s)
EM-MH-03-search-emails-crashes attempt 1: oracle=FAIL rigorrun=NOT_RUN outcome=NOT_RUN class=NOT_SCORED / NOT_SCORED (1.47s)
EM-MH-03-search-emails-crashes attempt 2: oracle=FAIL rigorrun=NOT_RUN outcome=NOT_RUN class=NOT_SCORED / NOT_SCORED (1.48s)
EM-MH-03-search-emails-crashes attempt 3: oracle=FAIL rigorrun=NOT_RUN outcome=NOT_RUN class=NOT_SCORED / NOT_SCORED (1.47s)
EM-MH-04-auto-rule-modules-missing attempt 1: oracle=FAIL rigorrun=NOT_RUN outcome=NOT_RUN class=NOT_SCORED / NOT_SCORED (1.64s)
EM-MH-04-auto-rule-modules-missing attempt 2: oracle=FAIL rigorrun=NOT_RUN outcome=NOT_RUN class=NOT_SCORED / NOT_SCORED (1.64s)
EM-MH-04-auto-rule-modules-missing attempt 3: oracle=FAIL rigorrun=NOT_RUN outcome=NOT_RUN class=NOT_SCORED / NOT_SCORED (1.64s)
EM-MH-05-to-as-list-and-comma attempt 1: oracle=PASS rigorrun=NOT_RUN outcome=NOT_RUN class=NOT_SCORED / NOT_SCORED (1.42s)
EM-MH-05-to-as-list-and-comma attempt 2: oracle=PASS rigorrun=NOT_RUN outcome=NOT_RUN class=NOT_SCORED / NOT_SCORED (1.42s)
EM-MH-05-to-as-list-and-comma attempt 3: oracle=PASS rigorrun=NOT_RUN outcome=NOT_RUN class=NOT_SCORED / NOT_SCORED (1.43s)
EM-MH-06-empty-recipient attempt 1: oracle=PASS rigorrun=NOT_RUN outcome=NOT_RUN class=NOT_SCORED / NOT_SCORED (1.41s)
EM-MH-06-empty-recipient attempt 2: oracle=PASS rigorrun=NOT_RUN outcome=NOT_RUN class=NOT_SCORED / NOT_SCORED (1.4s)
EM-MH-06-empty-recipient attempt 3: oracle=PASS rigorrun=NOT_RUN outcome=NOT_RUN class=NOT_SCORED / NOT_SCORED (1.43s)
EM-MH-07-unknown-service attempt 1: oracle=PASS rigorrun=NOT_RUN outcome=NOT_RUN class=NOT_SCORED / NOT_SCORED (1.44s)
EM-MH-07-unknown-service attempt 2: oracle=PASS rigorrun=NOT_RUN outcome=NOT_RUN class=NOT_SCORED / NOT_SCORED (1.47s)
EM-MH-07-unknown-service attempt 3: oracle=PASS rigorrun=NOT_RUN outcome=NOT_RUN class=NOT_SCORED / NOT_SCORED (1.41s)
EM-MH-08-service-not-persisted-across-restart attempt 1: oracle=PASS rigorrun=NOT_RUN outcome=NOT_RUN class=NOT_SCORED / NOT_SCORED (2.82s)
EM-MH-08-service-not-persisted-across-restart attempt 2: oracle=PASS rigorrun=NOT_RUN outcome=NOT_RUN class=NOT_SCORED / NOT_SCORED (2.87s)
EM-MH-08-service-not-persisted-across-restart attempt 3: oracle=PASS rigorrun=NOT_RUN outcome=NOT_RUN class=NOT_SCORED / NOT_SCORED (2.92s)
2026-09-14T17:46:27Z batch mh exit 0; available MiB 7300
