2026-09-14T17:35:04Z batch wt (13 cases); available MiB 7416; swap free MiB 12952
WT-D-01-tasks-get-doubled-prefix attempt 1: oracle=FAIL rigorrun=NOT_RUN outcome=NOT_RUN class=NOT_SCORED / NOT_SCORED (0.31s)
WT-D-01-tasks-get-doubled-prefix attempt 2: oracle=FAIL rigorrun=NOT_RUN outcome=NOT_RUN class=NOT_SCORED / NOT_SCORED (0.34s)
WT-D-01-tasks-get-doubled-prefix attempt 3: oracle=FAIL rigorrun=NOT_RUN outcome=NOT_RUN class=NOT_SCORED / NOT_SCORED (0.31s)
WT-D-02-tasks-update-doubled-prefix attempt 1: oracle=FAIL rigorrun=NOT_RUN outcome=NOT_RUN class=NOT_SCORED / NOT_SCORED (0.31s)
WT-D-02-tasks-update-doubled-prefix attempt 2: oracle=FAIL rigorrun=NOT_RUN outcome=NOT_RUN class=NOT_SCORED / NOT_SCORED (0.28s)
WT-D-02-tasks-update-doubled-prefix attempt 3: oracle=FAIL rigorrun=NOT_RUN outcome=NOT_RUN class=NOT_SCORED / NOT_SCORED (0.27s)
WT-D-03-tasks-complete-doubled-prefix attempt 1: oracle=FAIL rigorrun=NOT_RUN outcome=NOT_RUN class=NOT_SCORED / NOT_SCORED (0.45s)
WT-D-03-tasks-complete-doubled-prefix attempt 2: oracle=FAIL rigorrun=NOT_RUN outcome=NOT_RUN class=NOT_SCORED / NOT_SCORED (0.39s)
WT-D-03-tasks-complete-doubled-prefix attempt 3: oracle=FAIL rigorrun=NOT_RUN outcome=NOT_RUN class=NOT_SCORED / NOT_SCORED (0.39s)
WT-D-04-projects-get-archive-doubled-prefix attempt 1: oracle=FAIL rigorrun=NOT_RUN outcome=NOT_RUN class=NOT_SCORED / NOT_SCORED (0.45s)
WT-D-04-projects-get-archive-doubled-prefix attempt 2: oracle=FAIL rigorrun=NOT_RUN outcome=NOT_RUN class=NOT_SCORED / NOT_SCORED (0.41s)
WT-D-04-projects-get-archive-doubled-prefix attempt 3: oracle=FAIL rigorrun=NOT_RUN outcome=NOT_RUN class=NOT_SCORED / NOT_SCORED (0.41s)
WT-D-05-tasks-create-500 attempt 1: oracle=FAIL rigorrun=NOT_RUN outcome=NOT_RUN class=NOT_SCORED / NOT_SCORED (0.6s)
WT-D-05-tasks-create-500 attempt 2: oracle=FAIL rigorrun=NOT_RUN outcome=NOT_RUN class=NOT_SCORED / NOT_SCORED (0.46s)
WT-D-05-tasks-create-500 attempt 3: oracle=FAIL rigorrun=NOT_RUN outcome=NOT_RUN class=NOT_SCORED / NOT_SCORED (0.48s)
WT-D-06-add-dependency-500 attempt 1: oracle=FAIL rigorrun=NOT_RUN outcome=NOT_RUN class=NOT_SCORED / NOT_SCORED (0.47s)
WT-D-06-add-dependency-500 attempt 2: oracle=FAIL rigorrun=NOT_RUN outcome=NOT_RUN class=NOT_SCORED / NOT_SCORED (0.45s)
WT-D-06-add-dependency-500 attempt 3: oracle=FAIL rigorrun=NOT_RUN outcome=NOT_RUN class=NOT_SCORED / NOT_SCORED (0.46s)
WT-D-07-time-log-500 attempt 1: oracle=FAIL rigorrun=NOT_RUN outcome=NOT_RUN class=NOT_SCORED / NOT_SCORED (0.33s)
WT-D-07-time-log-500 attempt 2: oracle=FAIL rigorrun=NOT_RUN outcome=NOT_RUN class=NOT_SCORED / NOT_SCORED (0.31s)
WT-D-07-time-log-500 attempt 3: oracle=FAIL rigorrun=NOT_RUN outcome=NOT_RUN class=NOT_SCORED / NOT_SCORED (0.31s)
WT-D-08-projects-create-500 attempt 1: oracle=FAIL rigorrun=NOT_RUN outcome=NOT_RUN class=NOT_SCORED / NOT_SCORED (0.49s)
WT-D-08-projects-create-500 attempt 2: oracle=FAIL rigorrun=NOT_RUN outcome=NOT_RUN class=NOT_SCORED / NOT_SCORED (0.44s)
WT-D-08-projects-create-500 attempt 3: oracle=FAIL rigorrun=NOT_RUN outcome=NOT_RUN class=NOT_SCORED / NOT_SCORED (0.36s)
WT-D-09-timer-start-stop attempt 1: oracle=PASS rigorrun=NOT_RUN outcome=NOT_RUN class=NOT_SCORED / NOT_SCORED (0.48s)
WT-D-09-timer-start-stop attempt 2: oracle=PASS rigorrun=NOT_RUN outcome=NOT_RUN class=NOT_SCORED / NOT_SCORED (0.42s)
WT-D-09-timer-start-stop attempt 3: oracle=PASS rigorrun=NOT_RUN outcome=NOT_RUN class=NOT_SCORED / NOT_SCORED (0.4s)
WT-D-10-double-start-closes-first attempt 1: oracle=PASS rigorrun=NOT_RUN outcome=NOT_RUN class=NOT_SCORED / NOT_SCORED (0.42s)
WT-D-10-double-start-closes-first attempt 2: oracle=PASS rigorrun=NOT_RUN outcome=NOT_RUN class=NOT_SCORED / NOT_SCORED (0.48s)
WT-D-10-double-start-closes-first attempt 3: oracle=PASS rigorrun=NOT_RUN outcome=NOT_RUN class=NOT_SCORED / NOT_SCORED (0.43s)
WT-D-11-stop-with-nothing-running attempt 1: oracle=PASS rigorrun=NOT_RUN outcome=NOT_RUN class=NOT_SCORED / NOT_SCORED (0.28s)
WT-D-11-stop-with-nothing-running attempt 2: oracle=PASS rigorrun=NOT_RUN outcome=NOT_RUN class=NOT_SCORED / NOT_SCORED (0.34s)
WT-D-11-stop-with-nothing-running attempt 3: oracle=PASS rigorrun=NOT_RUN outcome=NOT_RUN class=NOT_SCORED / NOT_SCORED (0.29s)
WT-D-12-key-too-long-rejected attempt 1: oracle=PASS rigorrun=NOT_RUN outcome=NOT_RUN class=NOT_SCORED / NOT_SCORED (0.21s)
WT-D-12-key-too-long-rejected attempt 2: oracle=PASS rigorrun=NOT_RUN outcome=NOT_RUN class=NOT_SCORED / NOT_SCORED (0.2s)
WT-D-12-key-too-long-rejected attempt 3: oracle=PASS rigorrun=NOT_RUN outcome=NOT_RUN class=NOT_SCORED / NOT_SCORED (0.22s)
WT-D-13-nonexistent-task attempt 1: oracle=PASS rigorrun=NOT_RUN outcome=NOT_RUN class=NOT_SCORED / NOT_SCORED (0.29s)
WT-D-13-nonexistent-task attempt 2: oracle=PASS rigorrun=NOT_RUN outcome=NOT_RUN class=NOT_SCORED / NOT_SCORED (0.27s)
WT-D-13-nonexistent-task attempt 3: oracle=PASS rigorrun=NOT_RUN outcome=NOT_RUN class=NOT_SCORED / NOT_SCORED (0.29s)
2026-09-14T17:45:44Z batch wt exit 0; available MiB 7239
