2026-09-15T02:41:28Z batch mh (8 cases); available MiB 5659; swap free MiB 10487
EM-MH-01-send-one attempt 1: oracle=PASS rigorrun=NOT_RUN outcome=NOT_RUN class=NOT_SCORED / NOT_SCORED (1.14s)
EM-MH-01-send-one attempt 2: oracle=PASS rigorrun=NOT_RUN outcome=NOT_RUN class=NOT_SCORED / NOT_SCORED (1.15s)
EM-MH-01-send-one attempt 3: oracle=PASS rigorrun=NOT_RUN outcome=NOT_RUN class=NOT_SCORED / NOT_SCORED (1.15s)
EM-MH-02-check-inbox-crashes attempt 1: oracle=FAIL rigorrun=NOT_RUN outcome=NOT_RUN class=NOT_SCORED / NOT_SCORED (1.17s)
EM-MH-02-check-inbox-crashes attempt 2: oracle=FAIL rigorrun=NOT_RUN outcome=NOT_RUN class=NOT_SCORED / NOT_SCORED (1.18s)
EM-MH-02-check-inbox-crashes attempt 3: oracle=FAIL rigorrun=NOT_RUN outcome=NOT_RUN class=NOT_SCORED / NOT_SCORED (1.17s)
EM-MH-03-search-emails-crashes attempt 1: oracle=FAIL rigorrun=NOT_RUN outcome=NOT_RUN class=NOT_SCORED / NOT_SCORED (1.18s)
EM-MH-03-search-emails-crashes attempt 2: oracle=FAIL rigorrun=NOT_RUN outcome=NOT_RUN class=NOT_SCORED / NOT_SCORED (1.19s)
EM-MH-03-search-emails-crashes attempt 3: oracle=FAIL rigorrun=NOT_RUN outcome=NOT_RUN class=NOT_SCORED / NOT_SCORED (1.21s)
EM-MH-04-auto-rule-modules-missing attempt 1: oracle=FAIL rigorrun=NOT_RUN outcome=NOT_RUN class=NOT_SCORED / NOT_SCORED (1.34s)
EM-MH-04-auto-rule-modules-missing attempt 2: oracle=FAIL rigorrun=NOT_RUN outcome=NOT_RUN class=NOT_SCORED / NOT_SCORED (1.33s)
EM-MH-04-auto-rule-modules-missing attempt 3: oracle=FAIL rigorrun=NOT_RUN outcome=NOT_RUN class=NOT_SCORED / NOT_SCORED (1.34s)
EM-MH-05-to-as-list-and-comma attempt 1: oracle=PASS rigorrun=NOT_RUN outcome=NOT_RUN class=NOT_SCORED / NOT_SCORED (1.13s)
EM-MH-05-to-as-list-and-comma attempt 2: oracle=PASS rigorrun=NOT_RUN outcome=NOT_RUN class=NOT_SCORED / NOT_SCORED (1.14s)
EM-MH-05-to-as-list-and-comma attempt 3: oracle=PASS rigorrun=NOT_RUN outcome=NOT_RUN class=NOT_SCORED / NOT_SCORED (1.14s)
EM-MH-06-empty-recipient attempt 1: oracle=PASS rigorrun=NOT_RUN outcome=NOT_RUN class=NOT_SCORED / NOT_SCORED (1.16s)
EM-MH-06-empty-recipient attempt 2: oracle=PASS rigorrun=NOT_RUN outcome=NOT_RUN class=NOT_SCORED / NOT_SCORED (1.14s)
EM-MH-06-empty-recipient attempt 3: oracle=PASS rigorrun=NOT_RUN outcome=NOT_RUN class=NOT_SCORED / NOT_SCORED (1.14s)
EM-MH-07-unknown-service attempt 1: oracle=PASS rigorrun=NOT_RUN outcome=NOT_RUN class=NOT_SCORED / NOT_SCORED (1.12s)
EM-MH-07-unknown-service attempt 2: oracle=PASS rigorrun=NOT_RUN outcome=NOT_RUN class=NOT_SCORED / NOT_SCORED (1.14s)
EM-MH-07-unknown-service attempt 3: oracle=PASS rigorrun=NOT_RUN outcome=NOT_RUN class=NOT_SCORED / NOT_SCORED (1.14s)
EM-MH-08-service-not-persisted-across-restart attempt 1: oracle=PASS rigorrun=NOT_RUN outcome=NOT_RUN class=NOT_SCORED / NOT_SCORED (2.29s)
EM-MH-08-service-not-persisted-across-restart attempt 2: oracle=PASS rigorrun=NOT_RUN outcome=NOT_RUN class=NOT_SCORED / NOT_SCORED (2.31s)
EM-MH-08-service-not-persisted-across-restart attempt 3: oracle=PASS rigorrun=NOT_RUN outcome=NOT_RUN class=NOT_SCORED / NOT_SCORED (2.29s)
2026-09-15T02:42:03Z batch mh exit 0; available MiB 5674
