2026-09-15T02:34:51Z batch sq-d (10 cases); available MiB 5607; swap free MiB 10485
SQ-D-01-readonly-denies-insert attempt 1: oracle=PASS rigorrun=NOT_RUN outcome=NOT_RUN class=NOT_SCORED / NOT_SCORED (0.03s)
SQ-D-01-readonly-denies-insert attempt 2: oracle=PASS rigorrun=NOT_RUN outcome=NOT_RUN class=NOT_SCORED / NOT_SCORED (0.03s)
SQ-D-01-readonly-denies-insert attempt 3: oracle=PASS rigorrun=NOT_RUN outcome=NOT_RUN class=NOT_SCORED / NOT_SCORED (0.03s)
SQ-D-02-backup-under-deny-everything attempt 1: oracle=FAIL rigorrun=NOT_RUN outcome=NOT_RUN class=NOT_SCORED / NOT_SCORED (0.04s)
SQ-D-02-backup-under-deny-everything attempt 2: oracle=FAIL rigorrun=NOT_RUN outcome=NOT_RUN class=NOT_SCORED / NOT_SCORED (0.04s)
SQ-D-02-backup-under-deny-everything attempt 3: oracle=FAIL rigorrun=NOT_RUN outcome=NOT_RUN class=NOT_SCORED / NOT_SCORED (0.04s)
SQ-D-03-rows-changed-leak attempt 1: oracle=FAIL rigorrun=NOT_RUN outcome=NOT_RUN class=NOT_SCORED / NOT_SCORED (0.04s)
SQ-D-03-rows-changed-leak attempt 2: oracle=FAIL rigorrun=NOT_RUN outcome=NOT_RUN class=NOT_SCORED / NOT_SCORED (0.04s)
SQ-D-03-rows-changed-leak attempt 3: oracle=FAIL rigorrun=NOT_RUN outcome=NOT_RUN class=NOT_SCORED / NOT_SCORED (0.04s)
SQ-D-04-transaction-across-calls attempt 1: oracle=PASS rigorrun=NOT_RUN outcome=NOT_RUN class=NOT_SCORED / NOT_SCORED (0.03s)
SQ-D-04-transaction-across-calls attempt 2: oracle=PASS rigorrun=NOT_RUN outcome=NOT_RUN class=NOT_SCORED / NOT_SCORED (0.03s)
SQ-D-04-transaction-across-calls attempt 3: oracle=PASS rigorrun=NOT_RUN outcome=NOT_RUN class=NOT_SCORED / NOT_SCORED (0.03s)
SQ-D-05-column-deny-blocks-aggregate attempt 1: oracle=PASS rigorrun=NOT_RUN outcome=NOT_RUN class=NOT_SCORED / NOT_SCORED (0.03s)
SQ-D-05-column-deny-blocks-aggregate attempt 2: oracle=PASS rigorrun=NOT_RUN outcome=NOT_RUN class=NOT_SCORED / NOT_SCORED (0.03s)
SQ-D-05-column-deny-blocks-aggregate attempt 3: oracle=PASS rigorrun=NOT_RUN outcome=NOT_RUN class=NOT_SCORED / NOT_SCORED (0.03s)
SQ-D-06-timeout-interrupts attempt 1: oracle=PASS rigorrun=NOT_RUN outcome=NOT_RUN class=NOT_SCORED / NOT_SCORED (0.23s)
SQ-D-06-timeout-interrupts attempt 2: oracle=PASS rigorrun=NOT_RUN outcome=NOT_RUN class=NOT_SCORED / NOT_SCORED (0.23s)
SQ-D-06-timeout-interrupts attempt 3: oracle=PASS rigorrun=NOT_RUN outcome=NOT_RUN class=NOT_SCORED / NOT_SCORED (0.23s)
SQ-D-07-multi-statement-rejected attempt 1: oracle=PASS rigorrun=NOT_RUN outcome=NOT_RUN class=NOT_SCORED / NOT_SCORED (0.03s)
SQ-D-07-multi-statement-rejected attempt 2: oracle=PASS rigorrun=NOT_RUN outcome=NOT_RUN class=NOT_SCORED / NOT_SCORED (0.03s)
SQ-D-07-multi-statement-rejected attempt 3: oracle=PASS rigorrun=NOT_RUN outcome=NOT_RUN class=NOT_SCORED / NOT_SCORED (0.03s)
SQ-D-08-readonly-creates-missing-file attempt 1: oracle=FAIL rigorrun=NOT_RUN outcome=NOT_RUN class=NOT_SCORED / NOT_SCORED (0.03s)
SQ-D-08-readonly-creates-missing-file attempt 2: oracle=FAIL rigorrun=NOT_RUN outcome=NOT_RUN class=NOT_SCORED / NOT_SCORED (0.03s)
SQ-D-08-readonly-creates-missing-file attempt 3: oracle=FAIL rigorrun=NOT_RUN outcome=NOT_RUN class=NOT_SCORED / NOT_SCORED (0.03s)
SQ-D-09-retry-direct attempt 1: oracle=FAIL rigorrun=NOT_RUN outcome=NOT_RUN class=NOT_SCORED / NOT_SCORED (5.1s)
SQ-D-09-retry-direct attempt 2: oracle=FAIL rigorrun=NOT_RUN outcome=NOT_RUN class=NOT_SCORED / NOT_SCORED (5.1s)
SQ-D-09-retry-direct attempt 3: oracle=FAIL rigorrun=NOT_RUN outcome=NOT_RUN class=NOT_SCORED / NOT_SCORED (5.1s)
SQ-D-10-backup-under-column-deny attempt 1: oracle=FAIL rigorrun=NOT_RUN outcome=NOT_RUN class=NOT_SCORED / NOT_SCORED (0.05s)
SQ-D-10-backup-under-column-deny attempt 2: oracle=FAIL rigorrun=NOT_RUN outcome=NOT_RUN class=NOT_SCORED / NOT_SCORED (0.04s)
SQ-D-10-backup-under-column-deny attempt 3: oracle=FAIL rigorrun=NOT_RUN outcome=NOT_RUN class=NOT_SCORED / NOT_SCORED (0.04s)
2026-09-15T02:35:12Z batch sq-d exit 0; available MiB 5662
