2026-09-15T02:34:27Z batch sq-rr (12 cases); available MiB 5732; swap free MiB 10485
SQ-W1-01-correct attempt 1: oracle=PASS rigorrun=PASS outcome=PASS class=TRUE_NEGATIVE / TRUE_NEGATIVE (0.6s)
SQ-W1-01-correct attempt 2: oracle=PASS rigorrun=PASS outcome=PASS class=TRUE_NEGATIVE / TRUE_NEGATIVE (0.58s)
SQ-W1-01-correct attempt 3: oracle=PASS rigorrun=PASS outcome=PASS class=TRUE_NEGATIVE / TRUE_NEGATIVE (0.58s)
SQ-W1-02-missing-action-false-claim attempt 1: oracle=FAIL rigorrun=FAIL outcome=FAIL class=TRUE_POSITIVE / TRUE_POSITIVE (0.57s)
SQ-W1-02-missing-action-false-claim attempt 2: oracle=FAIL rigorrun=FAIL outcome=FAIL class=TRUE_POSITIVE / TRUE_POSITIVE (0.53s)
SQ-W1-02-missing-action-false-claim attempt 3: oracle=FAIL rigorrun=FAIL outcome=FAIL class=TRUE_POSITIVE / TRUE_POSITIVE (0.55s)
SQ-W1-03-duplicate attempt 1: oracle=FAIL rigorrun=FAIL outcome=FAIL class=TRUE_POSITIVE / TRUE_POSITIVE (0.6s)
SQ-W1-03-duplicate attempt 2: oracle=FAIL rigorrun=FAIL outcome=FAIL class=TRUE_POSITIVE / TRUE_POSITIVE (0.6s)
SQ-W1-03-duplicate attempt 3: oracle=FAIL rigorrun=FAIL outcome=FAIL class=TRUE_POSITIVE / TRUE_POSITIVE (0.58s)
SQ-W1-04-wrong-value attempt 1: oracle=FAIL rigorrun=FAIL outcome=FAIL class=TRUE_POSITIVE / TRUE_POSITIVE (0.57s)
SQ-W1-04-wrong-value attempt 2: oracle=FAIL rigorrun=FAIL outcome=FAIL class=TRUE_POSITIVE / TRUE_POSITIVE (0.6s)
SQ-W1-04-wrong-value attempt 3: oracle=FAIL rigorrun=FAIL outcome=FAIL class=TRUE_POSITIVE / TRUE_POSITIVE (0.57s)
SQ-W1-05-wrong-entity attempt 1: oracle=FAIL rigorrun=FAIL outcome=FAIL class=TRUE_POSITIVE / TRUE_POSITIVE (0.58s)
SQ-W1-05-wrong-entity attempt 2: oracle=FAIL rigorrun=FAIL outcome=FAIL class=TRUE_POSITIVE / TRUE_POSITIVE (0.58s)
SQ-W1-05-wrong-entity attempt 3: oracle=FAIL rigorrun=FAIL outcome=FAIL class=TRUE_POSITIVE / TRUE_POSITIVE (0.58s)
SQ-W1-06-forbidden-extra-delete attempt 1: oracle=FAIL rigorrun=FAIL outcome=FAIL class=TRUE_POSITIVE / TRUE_POSITIVE (0.58s)
SQ-W1-06-forbidden-extra-delete attempt 2: oracle=FAIL rigorrun=FAIL outcome=FAIL class=TRUE_POSITIVE / TRUE_POSITIVE (0.58s)
SQ-W1-06-forbidden-extra-delete attempt 3: oracle=FAIL rigorrun=FAIL outcome=FAIL class=TRUE_POSITIVE / TRUE_POSITIVE (0.59s)
SQ-W1B-01-correct attempt 1: oracle=PASS rigorrun=PASS outcome=PASS class=TRUE_NEGATIVE / TRUE_NEGATIVE (0.58s)
SQ-W1B-01-correct attempt 2: oracle=PASS rigorrun=PASS outcome=PASS class=TRUE_NEGATIVE / TRUE_NEGATIVE (0.57s)
SQ-W1B-01-correct attempt 3: oracle=PASS rigorrun=PASS outcome=PASS class=TRUE_NEGATIVE / TRUE_NEGATIVE (0.6s)
SQ-W1B-02-missing-action-false-claim attempt 1: oracle=FAIL rigorrun=FAIL outcome=FAIL class=TRUE_POSITIVE / TRUE_POSITIVE (0.56s)
SQ-W1B-02-missing-action-false-claim attempt 2: oracle=FAIL rigorrun=FAIL outcome=FAIL class=TRUE_POSITIVE / TRUE_POSITIVE (0.54s)
SQ-W1B-02-missing-action-false-claim attempt 3: oracle=FAIL rigorrun=FAIL outcome=FAIL class=TRUE_POSITIVE / TRUE_POSITIVE (0.59s)
SQ-W1B-03-duplicate attempt 1: oracle=FAIL rigorrun=FAIL outcome=FAIL class=TRUE_POSITIVE / TRUE_POSITIVE (0.59s)
SQ-W1B-03-duplicate attempt 2: oracle=FAIL rigorrun=FAIL outcome=FAIL class=TRUE_POSITIVE / TRUE_POSITIVE (0.57s)
SQ-W1B-03-duplicate attempt 3: oracle=FAIL rigorrun=FAIL outcome=FAIL class=TRUE_POSITIVE / TRUE_POSITIVE (0.6s)
SQ-W1B-04-wrong-value attempt 1: oracle=FAIL rigorrun=NOT_RUN outcome=NOT_RUN class=NOT_SCORED / NOT_SCORED_NOT_RUN (0.38s)
SQ-W1B-04-wrong-value attempt 2: oracle=FAIL rigorrun=NOT_RUN outcome=NOT_RUN class=NOT_SCORED / NOT_SCORED_NOT_RUN (0.37s)
SQ-W1B-04-wrong-value attempt 3: oracle=FAIL rigorrun=NOT_RUN outcome=NOT_RUN class=NOT_SCORED / NOT_SCORED_NOT_RUN (0.35s)
SQ-W1B-05-wrong-entity attempt 1: oracle=FAIL rigorrun=FAIL outcome=FAIL class=TRUE_POSITIVE / TRUE_POSITIVE (0.56s)
SQ-W1B-05-wrong-entity attempt 2: oracle=FAIL rigorrun=FAIL outcome=FAIL class=TRUE_POSITIVE / TRUE_POSITIVE (0.54s)
SQ-W1B-05-wrong-entity attempt 3: oracle=FAIL rigorrun=FAIL outcome=FAIL class=TRUE_POSITIVE / TRUE_POSITIVE (0.56s)
SQ-W1B-06-forbidden-extra-delete attempt 1: oracle=FAIL rigorrun=FAIL outcome=FAIL class=TRUE_POSITIVE / TRUE_POSITIVE (0.62s)
SQ-W1B-06-forbidden-extra-delete attempt 2: oracle=FAIL rigorrun=FAIL outcome=FAIL class=TRUE_POSITIVE / TRUE_POSITIVE (0.57s)
SQ-W1B-06-forbidden-extra-delete attempt 3: oracle=FAIL rigorrun=FAIL outcome=FAIL class=TRUE_POSITIVE / TRUE_POSITIVE (0.57s)
2026-09-15T02:34:51Z batch sq-rr exit 0; available MiB 5612
