
 RUN  v4.1.11 {REPO}

 ❯ packages/daemon/test/mixedReads.test.ts (3 tests | 3 failed) 2386ms
     × names the reads it will ignore, in either order, and says why 597ms
     × has nothing to say about ignored reads when every read goes through the verifier 565ms
     × records the demonstration from the verifier reads alone 1176ms

⎯⎯⎯⎯⎯⎯⎯ Failed Tests 3 ⎯⎯⎯⎯⎯⎯⎯

 FAIL  packages/daemon/test/mixedReads.test.ts > a verifier read nominated beside the system’s own reads > names the reads it will ignore, in either order, and says why
AssertionError: expected undefined to deeply equal [ 'list_organisers' ]

- Expected:
[
  "list_organisers",
]

+ Received:
undefined

 ❯ packages/daemon/test/mixedReads.test.ts:81:35
     79|     ]) {
     80|       const result = await configured('Desk, mixed', reads);
     81|       expect(result.readsIgnored).toEqual(['list_organisers']);
       |                                   ^
     82|       expect(result.readsProblem).toMatch(/ignored: list_organisers/);
     83|       expect(result.readsProblem).toMatch(/SELF_REPORTED/);

⎯⎯⎯⎯⎯⎯⎯⎯⎯⎯⎯⎯⎯⎯⎯⎯⎯⎯⎯⎯⎯⎯⎯⎯[1/3]⎯

 FAIL  packages/daemon/test/mixedReads.test.ts > a verifier read nominated beside the system’s own reads > has nothing to say about ignored reads when every read goes through the verifier
AssertionError: expected undefined to deeply equal []

- Expected:
[]

+ Received:
undefined

 ❯ packages/daemon/test/mixedReads.test.ts:89:33
     87|   it('has nothing to say about ignored reads when every read goes thro…
     88|     const result = await configured('Desk, verified', [{ tool: 'verifi…
     89|     expect(result.readsIgnored).toEqual([]);
       |                                 ^
     90|     expect(result.readsProblem).not.toMatch(/ignored/);
     91|   }, 60_000);

⎯⎯⎯⎯⎯⎯⎯⎯⎯⎯⎯⎯⎯⎯⎯⎯⎯⎯⎯⎯⎯⎯⎯⎯[2/3]⎯

 FAIL  packages/daemon/test/mixedReads.test.ts > a verifier read nominated beside the system’s own reads > records the demonstration from the verifier reads alone
AssertionError: expected [ 'Booking', 'Organiser' ] to deeply equal [ 'Booking' ]

- Expected
+ Received

  [
    "Booking",
+   "Organiser",
  ]

 ❯ packages/daemon/test/mixedReads.test.ts:101:61
     99|     const expected = await demonstratedRecordTypes(control.project.id);
    100|     expect(expected.length).toBeGreaterThan(0);
    101|     expect(await demonstratedRecordTypes(mixed.project.id)).toEqual(ex…
       |                                                             ^
    102|   }, 240_000);
    103| });

⎯⎯⎯⎯⎯⎯⎯⎯⎯⎯⎯⎯⎯⎯⎯⎯⎯⎯⎯⎯⎯⎯⎯⎯[3/3]⎯


 Test Files  1 failed (1)
      Tests  3 failed (3)
   Start at  02:20:15
   Duration  3.21s (transform 502ms, setup 0ms, import 744ms, tests 2.39s, environment 0ms)

