SQ-W1-01-correct attempt 1: exit=0 happy_path:PASS/PASS/TRUE_NEGATIVE (0.66s)
SQ-W1-01-correct attempt 2: exit=0 happy_path:PASS/PASS/TRUE_NEGATIVE (0.61s)
SQ-W1-01-correct attempt 3: exit=0 happy_path:PASS/PASS/TRUE_NEGATIVE (0.62s)
SQ-W1-02-missing-action-false-claim attempt 1: exit=1 happy_path:FAIL/FAIL/TRUE_POSITIVE (0.6s)
SQ-W1-02-missing-action-false-claim attempt 2: exit=1 happy_path:FAIL/FAIL/TRUE_POSITIVE (0.6s)
SQ-W1-02-missing-action-false-claim attempt 3: exit=1 happy_path:FAIL/FAIL/TRUE_POSITIVE (0.68s)
SQ-W1-03-duplicate attempt 1: exit=1 happy_path:FAIL/FAIL/TRUE_POSITIVE (0.6s)
SQ-W1-03-duplicate attempt 2: exit=1 happy_path:FAIL/FAIL/TRUE_POSITIVE (0.64s)
SQ-W1-03-duplicate attempt 3: exit=1 happy_path:FAIL/FAIL/TRUE_POSITIVE (0.59s)
SQ-W1-04-wrong-value attempt 1: exit=1 happy_path:FAIL/FAIL/TRUE_POSITIVE (0.58s)
SQ-W1-04-wrong-value attempt 2: exit=1 happy_path:FAIL/FAIL/TRUE_POSITIVE (0.61s)
SQ-W1-04-wrong-value attempt 3: exit=1 happy_path:FAIL/FAIL/TRUE_POSITIVE (0.6s)
SQ-W1-05-wrong-entity attempt 1: exit=1 happy_path:FAIL/FAIL/TRUE_POSITIVE (0.59s)
SQ-W1-05-wrong-entity attempt 2: exit=1 happy_path:FAIL/FAIL/TRUE_POSITIVE (0.61s)
SQ-W1-05-wrong-entity attempt 3: exit=1 happy_path:FAIL/FAIL/TRUE_POSITIVE (0.62s)
SQ-W1-06-forbidden-extra-delete attempt 1: exit=1 happy_path:FAIL/FAIL/TRUE_POSITIVE (0.64s)
SQ-W1-06-forbidden-extra-delete attempt 2: exit=1 happy_path:FAIL/FAIL/TRUE_POSITIVE (0.64s)
SQ-W1-06-forbidden-extra-delete attempt 3: exit=1 happy_path:FAIL/FAIL/TRUE_POSITIVE (0.67s)
SQ-W1B-01-correct attempt 1: exit=0 happy_path:PASS/PASS/TRUE_NEGATIVE (0.61s)
SQ-W1B-01-correct attempt 2: exit=0 happy_path:PASS/PASS/TRUE_NEGATIVE (0.64s)
SQ-W1B-01-correct attempt 3: exit=0 happy_path:PASS/PASS/TRUE_NEGATIVE (0.63s)
SQ-W1B-02-missing-action-false-claim attempt 1: exit=1 happy_path:FAIL/FAIL/TRUE_POSITIVE (0.62s)
SQ-W1B-02-missing-action-false-claim attempt 2: exit=1 happy_path:FAIL/FAIL/TRUE_POSITIVE (0.6s)
SQ-W1B-02-missing-action-false-claim attempt 3: exit=1 happy_path:FAIL/FAIL/TRUE_POSITIVE (0.58s)
SQ-W1B-03-duplicate attempt 1: exit=1 happy_path:FAIL/FAIL/TRUE_POSITIVE (0.61s)
SQ-W1B-03-duplicate attempt 2: exit=1 happy_path:FAIL/FAIL/TRUE_POSITIVE (0.61s)
SQ-W1B-03-duplicate attempt 3: exit=1 happy_path:FAIL/FAIL/TRUE_POSITIVE (0.62s)
SQ-W1B-04-wrong-value attempt 1: exit=1 happy_path:FAIL/FAIL/TRUE_POSITIVE (0.61s)
SQ-W1B-04-wrong-value attempt 2: exit=1 happy_path:FAIL/FAIL/TRUE_POSITIVE (0.6s)
SQ-W1B-04-wrong-value attempt 3: exit=1 happy_path:FAIL/FAIL/TRUE_POSITIVE (0.6s)
SQ-W1B-05-wrong-entity attempt 1: exit=1 happy_path:FAIL/FAIL/TRUE_POSITIVE (0.62s)
SQ-W1B-05-wrong-entity attempt 2: exit=1 happy_path:FAIL/FAIL/TRUE_POSITIVE (0.6s)
SQ-W1B-05-wrong-entity attempt 3: exit=1 happy_path:FAIL/FAIL/TRUE_POSITIVE (0.63s)
SQ-W1B-06-forbidden-extra-delete attempt 1: exit=1 happy_path:FAIL/FAIL/TRUE_POSITIVE (0.61s)
SQ-W1B-06-forbidden-extra-delete attempt 2: exit=1 happy_path:FAIL/FAIL/TRUE_POSITIVE (0.65s)
SQ-W1B-06-forbidden-extra-delete attempt 3: exit=1 happy_path:FAIL/FAIL/TRUE_POSITIVE (0.64s)
