2026-09-14T09:32:58Z batch r2-1 at 0abf8ef5bb5466ff4bba75156836e3cd628a7841: EM-MH-01-send-one EM-MH-02-check-inbox-crashes EM-MH-03-search-emails-crashes EM-MH-04-auto-rule-modules-missing EM-MH-05-to-as-list-and-comma EM-MH-06-empty-recipient EM-MH-07-unknown-service EM-MH-08-service-not-persisted-across-restart SQ-D-01-readonly-denies-insert SQ-D-02-backup-under-deny-everything SQ-D-03-rows-changed-leak SQ-D-04-transaction-across-calls SQ-D-05-column-deny-blocks-aggregate SQ-D-06-timeout-interrupts SQ-D-07-multi-statement-rejected SQ-D-08-readonly-creates-missing-file SQ-D-09-retry-direct SQ-D-10-backup-under-column-deny
EM-MH-01-send-one attempt 1: oracle=PASS rigorrun=NOT_RUN outcome=NOT_RUN class=NOT_SCORED / NOT_SCORED (1.48s)
EM-MH-01-send-one attempt 2: oracle=PASS rigorrun=NOT_RUN outcome=NOT_RUN class=NOT_SCORED / NOT_SCORED (1.49s)
EM-MH-01-send-one attempt 3: oracle=PASS rigorrun=NOT_RUN outcome=NOT_RUN class=NOT_SCORED / NOT_SCORED (1.43s)
EM-MH-02-check-inbox-crashes attempt 1: oracle=FAIL rigorrun=NOT_RUN outcome=NOT_RUN class=NOT_SCORED / NOT_SCORED (1.47s)
EM-MH-02-check-inbox-crashes attempt 2: oracle=FAIL rigorrun=NOT_RUN outcome=NOT_RUN class=NOT_SCORED / NOT_SCORED (1.48s)
EM-MH-02-check-inbox-crashes attempt 3: oracle=FAIL rigorrun=NOT_RUN outcome=NOT_RUN class=NOT_SCORED / NOT_SCORED (1.44s)
EM-MH-03-search-emails-crashes attempt 1: oracle=FAIL rigorrun=NOT_RUN outcome=NOT_RUN class=NOT_SCORED / NOT_SCORED (1.5s)
EM-MH-03-search-emails-crashes attempt 2: oracle=FAIL rigorrun=NOT_RUN outcome=NOT_RUN class=NOT_SCORED / NOT_SCORED (1.52s)
EM-MH-03-search-emails-crashes attempt 3: oracle=FAIL rigorrun=NOT_RUN outcome=NOT_RUN class=NOT_SCORED / NOT_SCORED (1.5s)
EM-MH-04-auto-rule-modules-missing attempt 1: oracle=FAIL rigorrun=NOT_RUN outcome=NOT_RUN class=NOT_SCORED / NOT_SCORED (1.67s)
EM-MH-04-auto-rule-modules-missing attempt 2: oracle=FAIL rigorrun=NOT_RUN outcome=NOT_RUN class=NOT_SCORED / NOT_SCORED (1.63s)
EM-MH-04-auto-rule-modules-missing attempt 3: oracle=FAIL rigorrun=NOT_RUN outcome=NOT_RUN class=NOT_SCORED / NOT_SCORED (1.62s)
EM-MH-05-to-as-list-and-comma attempt 1: oracle=PASS rigorrun=NOT_RUN outcome=NOT_RUN class=NOT_SCORED / NOT_SCORED (1.45s)
EM-MH-05-to-as-list-and-comma attempt 2: oracle=PASS rigorrun=NOT_RUN outcome=NOT_RUN class=NOT_SCORED / NOT_SCORED (1.43s)
EM-MH-05-to-as-list-and-comma attempt 3: oracle=PASS rigorrun=NOT_RUN outcome=NOT_RUN class=NOT_SCORED / NOT_SCORED (1.43s)
EM-MH-06-empty-recipient attempt 1: oracle=PASS rigorrun=NOT_RUN outcome=NOT_RUN class=NOT_SCORED / NOT_SCORED (1.41s)
EM-MH-06-empty-recipient attempt 2: oracle=PASS rigorrun=NOT_RUN outcome=NOT_RUN class=NOT_SCORED / NOT_SCORED (1.4s)
EM-MH-06-empty-recipient attempt 3: oracle=PASS rigorrun=NOT_RUN outcome=NOT_RUN class=NOT_SCORED / NOT_SCORED (1.45s)
EM-MH-07-unknown-service attempt 1: oracle=PASS rigorrun=NOT_RUN outcome=NOT_RUN class=NOT_SCORED / NOT_SCORED (1.48s)
EM-MH-07-unknown-service attempt 2: oracle=PASS rigorrun=NOT_RUN outcome=NOT_RUN class=NOT_SCORED / NOT_SCORED (1.43s)
EM-MH-07-unknown-service attempt 3: oracle=PASS rigorrun=NOT_RUN outcome=NOT_RUN class=NOT_SCORED / NOT_SCORED (1.39s)
EM-MH-08-service-not-persisted-across-restart attempt 1: oracle=PASS rigorrun=NOT_RUN outcome=NOT_RUN class=NOT_SCORED / NOT_SCORED (2.82s)
EM-MH-08-service-not-persisted-across-restart attempt 2: oracle=PASS rigorrun=NOT_RUN outcome=NOT_RUN class=NOT_SCORED / NOT_SCORED (2.95s)
EM-MH-08-service-not-persisted-across-restart attempt 3: oracle=PASS rigorrun=NOT_RUN outcome=NOT_RUN class=NOT_SCORED / NOT_SCORED (2.85s)
SQ-D-01-readonly-denies-insert attempt 1: oracle=PASS rigorrun=NOT_RUN outcome=NOT_RUN class=NOT_SCORED / NOT_SCORED (0.04s)
SQ-D-01-readonly-denies-insert attempt 2: oracle=PASS rigorrun=NOT_RUN outcome=NOT_RUN class=NOT_SCORED / NOT_SCORED (0.03s)
SQ-D-01-readonly-denies-insert attempt 3: oracle=PASS rigorrun=NOT_RUN outcome=NOT_RUN class=NOT_SCORED / NOT_SCORED (0.03s)
SQ-D-02-backup-under-deny-everything attempt 1: oracle=FAIL rigorrun=NOT_RUN outcome=NOT_RUN class=NOT_SCORED / NOT_SCORED (0.04s)
SQ-D-02-backup-under-deny-everything attempt 2: oracle=FAIL rigorrun=NOT_RUN outcome=NOT_RUN class=NOT_SCORED / NOT_SCORED (0.03s)
SQ-D-02-backup-under-deny-everything attempt 3: oracle=FAIL rigorrun=NOT_RUN outcome=NOT_RUN class=NOT_SCORED / NOT_SCORED (0.04s)
SQ-D-03-rows-changed-leak attempt 1: oracle=FAIL rigorrun=NOT_RUN outcome=NOT_RUN class=NOT_SCORED / NOT_SCORED (0.04s)
SQ-D-03-rows-changed-leak attempt 2: oracle=FAIL rigorrun=NOT_RUN outcome=NOT_RUN class=NOT_SCORED / NOT_SCORED (0.04s)
SQ-D-03-rows-changed-leak attempt 3: oracle=FAIL rigorrun=NOT_RUN outcome=NOT_RUN class=NOT_SCORED / NOT_SCORED (0.04s)
SQ-D-04-transaction-across-calls attempt 1: oracle=PASS rigorrun=NOT_RUN outcome=NOT_RUN class=NOT_SCORED / NOT_SCORED (0.03s)
SQ-D-04-transaction-across-calls attempt 2: oracle=PASS rigorrun=NOT_RUN outcome=NOT_RUN class=NOT_SCORED / NOT_SCORED (0.03s)
SQ-D-04-transaction-across-calls attempt 3: oracle=PASS rigorrun=NOT_RUN outcome=NOT_RUN class=NOT_SCORED / NOT_SCORED (0.03s)
SQ-D-05-column-deny-blocks-aggregate attempt 1: oracle=PASS rigorrun=NOT_RUN outcome=NOT_RUN class=NOT_SCORED / NOT_SCORED (0.03s)
SQ-D-05-column-deny-blocks-aggregate attempt 2: oracle=PASS rigorrun=NOT_RUN outcome=NOT_RUN class=NOT_SCORED / NOT_SCORED (0.03s)
SQ-D-05-column-deny-blocks-aggregate attempt 3: oracle=PASS rigorrun=NOT_RUN outcome=NOT_RUN class=NOT_SCORED / NOT_SCORED (0.03s)
SQ-D-06-timeout-interrupts attempt 1: oracle=PASS rigorrun=NOT_RUN outcome=NOT_RUN class=NOT_SCORED / NOT_SCORED (0.24s)
SQ-D-06-timeout-interrupts attempt 2: oracle=PASS rigorrun=NOT_RUN outcome=NOT_RUN class=NOT_SCORED / NOT_SCORED (0.24s)
SQ-D-06-timeout-interrupts attempt 3: oracle=PASS rigorrun=NOT_RUN outcome=NOT_RUN class=NOT_SCORED / NOT_SCORED (0.24s)
SQ-D-07-multi-statement-rejected attempt 1: oracle=PASS rigorrun=NOT_RUN outcome=NOT_RUN class=NOT_SCORED / NOT_SCORED (0.03s)
SQ-D-07-multi-statement-rejected attempt 2: oracle=PASS rigorrun=NOT_RUN outcome=NOT_RUN class=NOT_SCORED / NOT_SCORED (0.03s)
SQ-D-07-multi-statement-rejected attempt 3: oracle=PASS rigorrun=NOT_RUN outcome=NOT_RUN class=NOT_SCORED / NOT_SCORED (0.03s)
SQ-D-08-readonly-creates-missing-file attempt 1: oracle=FAIL rigorrun=NOT_RUN outcome=NOT_RUN class=NOT_SCORED / NOT_SCORED (0.03s)
SQ-D-08-readonly-creates-missing-file attempt 2: oracle=FAIL rigorrun=NOT_RUN outcome=NOT_RUN class=NOT_SCORED / NOT_SCORED (0.04s)
SQ-D-08-readonly-creates-missing-file attempt 3: oracle=FAIL rigorrun=NOT_RUN outcome=NOT_RUN class=NOT_SCORED / NOT_SCORED (0.03s)
SQ-D-09-retry-direct attempt 1: oracle=FAIL rigorrun=NOT_RUN outcome=NOT_RUN class=NOT_SCORED / NOT_SCORED (5.09s)
SQ-D-09-retry-direct attempt 2: oracle=FAIL rigorrun=NOT_RUN outcome=NOT_RUN class=NOT_SCORED / NOT_SCORED (5.08s)
SQ-D-09-retry-direct attempt 3: oracle=FAIL rigorrun=NOT_RUN outcome=NOT_RUN class=NOT_SCORED / NOT_SCORED (5.07s)
SQ-D-10-backup-under-column-deny attempt 1: oracle=FAIL rigorrun=NOT_RUN outcome=NOT_RUN class=NOT_SCORED / NOT_SCORED (0.03s)
SQ-D-10-backup-under-column-deny attempt 2: oracle=FAIL rigorrun=NOT_RUN outcome=NOT_RUN class=NOT_SCORED / NOT_SCORED (0.03s)
SQ-D-10-backup-under-column-deny attempt 3: oracle=FAIL rigorrun=NOT_RUN outcome=NOT_RUN class=NOT_SCORED / NOT_SCORED (0.03s)
2026-09-14T09:34:01Z batch r2-1 exit 0
