2026-09-14T09:34:12Z batch r2-2 at 0abf8ef5bb5466ff4bba75156836e3cd628a7841: SQ-W1-01-correct SQ-W1-02-missing-action-false-claim SQ-W1-03-duplicate SQ-W1-04-wrong-value SQ-W1-05-wrong-entity SQ-W1-06-forbidden-extra-delete SQ-W1B-01-correct SQ-W1B-02-missing-action-false-claim SQ-W1B-03-duplicate SQ-W1B-04-wrong-value SQ-W1B-05-wrong-entity SQ-W1B-06-forbidden-extra-delete
SQ-W1-01-correct attempt 1: oracle=PASS rigorrun=PASS outcome=PASS class=TRUE_NEGATIVE / TRUE_NEGATIVE (0.61s)
SQ-W1-01-correct attempt 2: oracle=PASS rigorrun=PASS outcome=PASS class=TRUE_NEGATIVE / TRUE_NEGATIVE (0.61s)
SQ-W1-01-correct attempt 3: oracle=PASS rigorrun=PASS outcome=PASS class=TRUE_NEGATIVE / TRUE_NEGATIVE (0.58s)
SQ-W1-02-missing-action-false-claim attempt 1: oracle=FAIL rigorrun=FAIL outcome=FAIL class=TRUE_POSITIVE / TRUE_POSITIVE (0.6s)
SQ-W1-02-missing-action-false-claim attempt 2: oracle=FAIL rigorrun=FAIL outcome=FAIL class=TRUE_POSITIVE / TRUE_POSITIVE (0.61s)
SQ-W1-02-missing-action-false-claim attempt 3: oracle=FAIL rigorrun=FAIL outcome=FAIL class=TRUE_POSITIVE / TRUE_POSITIVE (0.59s)
SQ-W1-03-duplicate attempt 1: oracle=FAIL rigorrun=FAIL outcome=FAIL class=TRUE_POSITIVE / TRUE_POSITIVE (0.59s)
SQ-W1-03-duplicate attempt 2: oracle=FAIL rigorrun=FAIL outcome=FAIL class=TRUE_POSITIVE / TRUE_POSITIVE (0.6s)
SQ-W1-03-duplicate attempt 3: oracle=FAIL rigorrun=FAIL outcome=FAIL class=TRUE_POSITIVE / TRUE_POSITIVE (0.63s)
SQ-W1-04-wrong-value attempt 1: oracle=FAIL rigorrun=FAIL outcome=FAIL class=TRUE_POSITIVE / TRUE_POSITIVE (0.62s)
SQ-W1-04-wrong-value attempt 2: oracle=FAIL rigorrun=FAIL outcome=FAIL class=TRUE_POSITIVE / TRUE_POSITIVE (0.59s)
SQ-W1-04-wrong-value attempt 3: oracle=FAIL rigorrun=FAIL outcome=FAIL class=TRUE_POSITIVE / TRUE_POSITIVE (0.66s)
SQ-W1-05-wrong-entity attempt 1: oracle=FAIL rigorrun=FAIL outcome=FAIL class=TRUE_POSITIVE / TRUE_POSITIVE (0.67s)
SQ-W1-05-wrong-entity attempt 2: oracle=FAIL rigorrun=FAIL outcome=FAIL class=TRUE_POSITIVE / TRUE_POSITIVE (0.61s)
SQ-W1-05-wrong-entity attempt 3: oracle=FAIL rigorrun=FAIL outcome=FAIL class=TRUE_POSITIVE / TRUE_POSITIVE (0.61s)
SQ-W1-06-forbidden-extra-delete attempt 1: oracle=FAIL rigorrun=FAIL outcome=FAIL class=TRUE_POSITIVE / TRUE_POSITIVE (0.61s)
SQ-W1-06-forbidden-extra-delete attempt 2: oracle=FAIL rigorrun=FAIL outcome=FAIL class=TRUE_POSITIVE / TRUE_POSITIVE (0.63s)
SQ-W1-06-forbidden-extra-delete attempt 3: oracle=FAIL rigorrun=FAIL outcome=FAIL class=TRUE_POSITIVE / TRUE_POSITIVE (0.59s)
SQ-W1B-01-correct attempt 1: oracle=PASS rigorrun=PASS outcome=PASS class=TRUE_NEGATIVE / TRUE_NEGATIVE (0.64s)
SQ-W1B-01-correct attempt 2: oracle=PASS rigorrun=PASS outcome=PASS class=TRUE_NEGATIVE / TRUE_NEGATIVE (0.63s)
SQ-W1B-01-correct attempt 3: oracle=PASS rigorrun=PASS outcome=PASS class=TRUE_NEGATIVE / TRUE_NEGATIVE (0.6s)
SQ-W1B-02-missing-action-false-claim attempt 1: oracle=FAIL rigorrun=FAIL outcome=FAIL class=TRUE_POSITIVE / TRUE_POSITIVE (0.61s)
SQ-W1B-02-missing-action-false-claim attempt 2: oracle=FAIL rigorrun=FAIL outcome=FAIL class=TRUE_POSITIVE / TRUE_POSITIVE (0.6s)
SQ-W1B-02-missing-action-false-claim attempt 3: oracle=FAIL rigorrun=FAIL outcome=FAIL class=TRUE_POSITIVE / TRUE_POSITIVE (0.61s)
SQ-W1B-03-duplicate attempt 1: oracle=FAIL rigorrun=FAIL outcome=FAIL class=TRUE_POSITIVE / TRUE_POSITIVE (0.61s)
SQ-W1B-03-duplicate attempt 2: oracle=FAIL rigorrun=FAIL outcome=FAIL class=TRUE_POSITIVE / TRUE_POSITIVE (0.62s)
SQ-W1B-03-duplicate attempt 3: oracle=FAIL rigorrun=FAIL outcome=FAIL class=TRUE_POSITIVE / TRUE_POSITIVE (0.6s)
SQ-W1B-04-wrong-value attempt 1: oracle=FAIL rigorrun=FAIL outcome=FAIL class=TRUE_POSITIVE / TRUE_POSITIVE (0.59s)
SQ-W1B-04-wrong-value attempt 2: oracle=FAIL rigorrun=FAIL outcome=FAIL class=TRUE_POSITIVE / TRUE_POSITIVE (0.61s)
SQ-W1B-04-wrong-value attempt 3: oracle=FAIL rigorrun=FAIL outcome=FAIL class=TRUE_POSITIVE / TRUE_POSITIVE (0.62s)
SQ-W1B-05-wrong-entity attempt 1: oracle=FAIL rigorrun=FAIL outcome=FAIL class=TRUE_POSITIVE / TRUE_POSITIVE (0.59s)
SQ-W1B-05-wrong-entity attempt 2: oracle=FAIL rigorrun=FAIL outcome=FAIL class=TRUE_POSITIVE / TRUE_POSITIVE (0.58s)
SQ-W1B-05-wrong-entity attempt 3: oracle=FAIL rigorrun=FAIL outcome=FAIL class=TRUE_POSITIVE / TRUE_POSITIVE (0.61s)
SQ-W1B-06-forbidden-extra-delete attempt 1: oracle=FAIL rigorrun=FAIL outcome=FAIL class=TRUE_POSITIVE / TRUE_POSITIVE (0.59s)
SQ-W1B-06-forbidden-extra-delete attempt 2: oracle=FAIL rigorrun=FAIL outcome=FAIL class=TRUE_POSITIVE / TRUE_POSITIVE (0.6s)
SQ-W1B-06-forbidden-extra-delete attempt 3: oracle=FAIL rigorrun=FAIL outcome=FAIL class=TRUE_POSITIVE / TRUE_POSITIVE (0.6s)
2026-09-14T09:34:37Z batch r2-2 exit 0
