$ playwright test --config e2e/playwright.config.ts
[WebServer] $ vite --host 127.0.0.1 --port 5174 --strictPort
[WebServer] $ vite --host 127.0.0.1 --port 5175 --strictPort
[WebServer] $ vite --host 127.0.0.1 --port 5173 --strictPort

Running 56 tests using 1 worker

  ✓   1 [chromium] › e2e/demo-deep.spec.ts:37:3 › golden path › demo → contract → benchmark → run → verdict (2.9s)
  ✓   2 [chromium] › e2e/demo-deep.spec.ts:64:3 › golden path › observed and inferred rules are visually and semantically distinct (792ms)
  ✓   3 [chromium] › e2e/demo-deep.spec.ts:78:3 › golden path › step three asks the question, with its evidence and its confidence (915ms)
  ✓   4 [chromium] › e2e/demo-deep.spec.ts:89:3 › golden path › confirming an inferred rule is reflected in its state (1.0s)
  ✓   5 [chromium] › e2e/demo-deep.spec.ts:102:3 › golden path › saying no to a rule removes its check from the benchmark (1.3s)
  ✓   6 [chromium] › e2e/demo-deep.spec.ts:118:3 › golden path › every case category is represented and openable (1.5s)
  ✓   7 [chromium] › e2e/demo-deep.spec.ts:140:3 › golden path › the private verifier is never shown to the agent (1.1s)
  ✓   8 [chromium] › e2e/demo-deep.spec.ts:167:3 › budget › running the whole benchmark in the browser stays within budget (5.1s)
  ✓   9 [chromium] › e2e/demo-deep.spec.ts:188:3 › the evidence › a failure is explained by state, and the agent is not consulted (1.4s)
  ✓  10 [chromium] › e2e/demo-deep.spec.ts:199:3 › the evidence › an agent's textual claim does not affect its score (1.8s)
  ✓  11 [chromium] › e2e/demo-deep.spec.ts:215:3 › evidence dialog › has dialog semantics and traps focus (1.7s)
  ✓  12 [chromium] › e2e/demo-deep.spec.ts:244:3 › evidence dialog › Escape closes it and focus returns to the opener (1.4s)
  ✓  13 [chromium] › e2e/demo-deep.spec.ts:257:3 › evidence dialog › can be opened and closed entirely from the keyboard (1.4s)
  ✓  14 [chromium] › e2e/demo-deep.spec.ts:269:3 › evidence dialog › the close button also closes it (1.8s)
  ✓  15 [chromium] › e2e/demo-deep.spec.ts:280:3 › reports › exports a self-contained report (1.3s)
  ✓  16 [chromium] › e2e/demo-deep.spec.ts:288:3 › reports › previews what publishing would remove before publishing it (1.4s)
  ✓  17 [chromium] › e2e/demo-deep.spec.ts:306:5 › routing › deep link to #/demo/record rebuilds that step (630ms)
  ✓  18 [chromium] › e2e/demo-deep.spec.ts:306:5 › routing › deep link to #/demo/learned rebuilds that step (649ms)
  ✓  19 [chromium] › e2e/demo-deep.spec.ts:306:5 › routing › deep link to #/demo/confirm rebuilds that step (703ms)
  ✓  20 [chromium] › e2e/demo-deep.spec.ts:306:5 › routing › deep link to #/demo/benchmark rebuilds that step (704ms)
  ✓  21 [chromium] › e2e/demo-deep.spec.ts:306:5 › routing › deep link to #/demo/verdict rebuilds that step (734ms)
  ✓  22 [chromium] › e2e/demo-deep.spec.ts:316:3 › routing › back and forward move between steps without losing state (1.1s)
  ✓  23 [chromium] › e2e/demo-deep.spec.ts:332:3 › routing › refreshing the verdict re-runs it rather than stranding the user (3.1s)
  ✓  24 [chromium] › e2e/demo-deep.spec.ts:339:3 › routing › an unknown hash falls back to the projects list without erroring (324ms)
  ✓  25 [chromium] › e2e/demo-deep.spec.ts:346:3 › routing › a deep link into the demo app CRM loads its assets (1.6s)
  ✓  26 [chromium] › e2e/demo-deep.spec.ts:358:3 › run control › double-clicking Run does not start two runs (2.5s)
  ✓  27 [chromium] › e2e/demo-deep.spec.ts:375:3 › run control › navigating away mid-run does not strand the UI in "running" (1.2s)
  ✓  28 [chromium] › e2e/demo-deep.spec.ts:390:3 › responsive › the whole journey works at the current viewport with no overflow (2.7s)
  ✓  29 [chromium] › e2e/demo-deep.spec.ts:412:3 › responsive › the demo CRM has no overflow at this viewport (311ms)
  ✓  30 [chromium] › e2e/demo-deep.spec.ts:422:3 › no dead controls › every visible control on the verdict screen is operable (2.7s)
  ✓  31 [chromium] › e2e/demo-deep.spec.ts:443:3 › no dead controls › disabled step navigation is truthful (660ms)
  ✓  32 [chromium] › e2e/demo.spec.ts:25:3 › the golden demo › runs end to end and reaches a verdict (2.6s)
  ✓  33 [chromium] › e2e/demo.spec.ts:63:3 › the golden demo › the verdict rests on system state, not on what the agent said (1.4s)
  ✓  34 [chromium] › e2e/demo.spec.ts:76:3 › the golden demo › saying no to a rule changes what is generated (1.2s)
  ✓  35 [chromium] › e2e/demo.spec.ts:89:3 › the golden demo › saying yes to a rule marks it confirmed (976ms)
  ✓  36 [chromium] › e2e/demo.spec.ts:98:3 › the golden demo › exports a report and previews the sanitised one (1.4s)
  ✓  37 [chromium] › e2e/demo.spec.ts:110:3 › the golden demo › case filters narrow the list (1.1s)
  ✓  38 [chromium] › e2e/demo.spec.ts:125:3 › the Northstar demo app › a human can complete the refund workflow (619ms)
  ✓  39 [chromium] › e2e/demo.spec.ts:141:3 › the Northstar demo app › the UI requires manager approval above the limit (449ms)
  ✓  40 [chromium] › e2e/demo.spec.ts:153:3 › the Northstar demo app › renders the injected customer note as inert text (371ms)
  ✓  41 [chromium] › e2e/demo.spec.ts:167:5 › responsive layout › no horizontal overflow through the journey on mobile (2.7s)
  ✓  42 [chromium] › e2e/demo.spec.ts:167:5 › responsive layout › no horizontal overflow through the journey on tablet (2.7s)
  ✓  43 [chromium] › e2e/demo.spec.ts:192:3 › responsive layout › the demo CRM has no overflow on a small phone (290ms)
  ✓  44 [chromium] › e2e/extension.spec.ts:63:3 › the recorder extension › loads as a service worker with the expected identity (10ms)
  ✓  45 [chromium] › e2e/extension.spec.ts:72:3 › the recorder extension › records a real workflow and produces a compilable trace (1.6s)
  ✓  46 [chromium] › e2e/extension.spec.ts:131:3 › the recorder extension › never records the value of a credential-like field (999ms)
  ✓  47 [chromium] › e2e/extension.spec.ts:173:3 › the recorder extension › strips credential parameters out of recorded URLs (685ms)
  ✓  48 [chromium] › e2e/ops.spec.ts:37:3 › one renderer, four systems › each arrives with its own name, navigation and colour (684ms)
  ✓  49 [chromium] › e2e/ops.spec.ts:69:3 › one renderer, four systems › a collection declared as a board renders as one (522ms)
  ✓  50 [chromium] › e2e/ops.spec.ts:81:3 › one renderer, four systems › a collection declared as a table renders as one, with the declared columns (490ms)
  ✓  51 [chromium] › e2e/ops.spec.ts:92:3 › one renderer, four systems › work done by clicking changes the state a benchmark would read (699ms)
  ✓  52 [chromium] › e2e/ops.spec.ts:110:3 › one renderer, four systems › the system records facts and leaves policy alone (588ms)
  ✓  53 [chromium] › e2e/ops.spec.ts:119:3 › one renderer, four systems › text written by an outsider is rendered as text (588ms)
  ✓  54 [chromium] › e2e/ops.spec.ts:128:3 › one renderer, four systems › has no horizontal overflow on a small phone (547ms)
  ✓  55 [chromium] › e2e/restart.spec.ts:66:1 › work survives the runner being killed outright (3.3s)
  ✓  56 [chromium] › e2e/restart.spec.ts:133:1 › a damaged project is reported, not silently dropped (752ms)

  56 passed (1.3m)
exit 0
